Archive member included to satisfy reference by file (symbol)

/usr/lib/gcc/avr/11.1.0/avr5/libgcc.a(_exit.o)
                              /usr/lib/gcc/avr/11.1.0/../../../../avr/lib/avr5/crtatmega328p.o (exit)
/usr/lib/gcc/avr/11.1.0/avr5/libgcc.a(_copy_data.o)
                              main.o (__do_copy_data)
/usr/lib/gcc/avr/11.1.0/avr5/libgcc.a(_clear_bss.o)
                              main.o (__do_clear_bss)
/usr/lib/gcc/avr/11.1.0/../../../../avr/lib/avr5/libm.a(fixsfsi.o)
                              main.o (__fixsfsi)
/usr/lib/gcc/avr/11.1.0/../../../../avr/lib/avr5/libm.a(fixunssfsi.o)
                              /usr/lib/gcc/avr/11.1.0/../../../../avr/lib/avr5/libm.a(fixsfsi.o) (__fixunssfsi)
/usr/lib/gcc/avr/11.1.0/../../../../avr/lib/avr5/libm.a(floatsisf.o)
                              main.o (__floatunsisf)
/usr/lib/gcc/avr/11.1.0/../../../../avr/lib/avr5/libm.a(fp_split3.o)
                              /usr/lib/gcc/avr/11.1.0/../../../../avr/lib/avr5/libm.a(fixunssfsi.o) (__fp_splitA)
/usr/lib/gcc/avr/11.1.0/../../../../avr/lib/avr5/libm.a(fp_zero.o)
                              /usr/lib/gcc/avr/11.1.0/../../../../avr/lib/avr5/libm.a(fixunssfsi.o) (__fp_zero)
/usr/lib/gcc/avr/11.1.0/../../../../avr/lib/avr5/libm.a(mulsf3.o)
                              main.o (__mulsf3)
/usr/lib/gcc/avr/11.1.0/../../../../avr/lib/avr5/libm.a(mulsf3x.o)
                              /usr/lib/gcc/avr/11.1.0/../../../../avr/lib/avr5/libm.a(mulsf3.o) (__mulsf3x)
/usr/lib/gcc/avr/11.1.0/../../../../avr/lib/avr5/libm.a(fp_inf.o)
                              /usr/lib/gcc/avr/11.1.0/../../../../avr/lib/avr5/libm.a(mulsf3x.o) (__fp_inf)
/usr/lib/gcc/avr/11.1.0/../../../../avr/lib/avr5/libm.a(fp_nan.o)
                              /usr/lib/gcc/avr/11.1.0/../../../../avr/lib/avr5/libm.a(mulsf3x.o) (__fp_nan)
/usr/lib/gcc/avr/11.1.0/../../../../avr/lib/avr5/libm.a(fp_pscA.o)
                              /usr/lib/gcc/avr/11.1.0/../../../../avr/lib/avr5/libm.a(mulsf3x.o) (__fp_pscA)
/usr/lib/gcc/avr/11.1.0/../../../../avr/lib/avr5/libm.a(fp_pscB.o)
                              /usr/lib/gcc/avr/11.1.0/../../../../avr/lib/avr5/libm.a(mulsf3x.o) (__fp_pscB)
/usr/lib/gcc/avr/11.1.0/../../../../avr/lib/avr5/libm.a(fp_round.o)
                              /usr/lib/gcc/avr/11.1.0/../../../../avr/lib/avr5/libm.a(mulsf3.o) (__fp_round)
/usr/lib/gcc/avr/11.1.0/../../../../avr/lib/avr5/libc.a(itoa_ncheck.o)
                              main.o (__itoa_ncheck)
/usr/lib/gcc/avr/11.1.0/../../../../avr/lib/avr5/libc.a(utoa_ncheck.o)
                              /usr/lib/gcc/avr/11.1.0/../../../../avr/lib/avr5/libc.a(itoa_ncheck.o) (__utoa_common)
/usr/lib/gcc/avr/11.1.0/../../../../avr/lib/avr5/libc.a(strrev.o)
                              /usr/lib/gcc/avr/11.1.0/../../../../avr/lib/avr5/libc.a(utoa_ncheck.o) (strrev)

Memory Configuration

Name             Origin             Length             Attributes
text             0x0000000000000000 0x0000000000020000 xr
data             0x0000000000800060 0x000000000000ffa0 rw !x
eeprom           0x0000000000810000 0x0000000000010000 rw !x
fuse             0x0000000000820000 0x0000000000000003 rw !x
lock             0x0000000000830000 0x0000000000000400 rw !x
signature        0x0000000000840000 0x0000000000000400 rw !x
user_signatures  0x0000000000850000 0x0000000000000400 rw !x
*default*        0x0000000000000000 0xffffffffffffffff

Linker script and memory map

Address of section .data set to 0x800100
LOAD /usr/lib/gcc/avr/11.1.0/../../../../avr/lib/avr5/crtatmega328p.o
LOAD gpio.o
LOAD lcd.o
LOAD main.o
LOAD uart.o
START GROUP
LOAD /usr/lib/gcc/avr/11.1.0/avr5/libgcc.a
LOAD /usr/lib/gcc/avr/11.1.0/../../../../avr/lib/avr5/libm.a
LOAD /usr/lib/gcc/avr/11.1.0/../../../../avr/lib/avr5/libc.a
LOAD /usr/lib/gcc/avr/11.1.0/../../../../avr/lib/avr5/libatmega328p.a
END GROUP
                0x0000000000020000                __TEXT_REGION_LENGTH__ = DEFINED (__TEXT_REGION_LENGTH__)?__TEXT_REGION_LENGTH__:0x20000
                0x000000000000ffa0                __DATA_REGION_LENGTH__ = DEFINED (__DATA_REGION_LENGTH__)?__DATA_REGION_LENGTH__:0xffa0
                0x0000000000010000                __EEPROM_REGION_LENGTH__ = DEFINED (__EEPROM_REGION_LENGTH__)?__EEPROM_REGION_LENGTH__:0x10000
                [0x0000000000000003]                __FUSE_REGION_LENGTH__ = DEFINED (__FUSE_REGION_LENGTH__)?__FUSE_REGION_LENGTH__:0x400
                0x0000000000000400                __LOCK_REGION_LENGTH__ = DEFINED (__LOCK_REGION_LENGTH__)?__LOCK_REGION_LENGTH__:0x400
                0x0000000000000400                __SIGNATURE_REGION_LENGTH__ = DEFINED (__SIGNATURE_REGION_LENGTH__)?__SIGNATURE_REGION_LENGTH__:0x400
                0x0000000000000400                __USER_SIGNATURE_REGION_LENGTH__ = DEFINED (__USER_SIGNATURE_REGION_LENGTH__)?__USER_SIGNATURE_REGION_LENGTH__:0x400

.hash
 *(.hash)

.dynsym
 *(.dynsym)

.dynstr
 *(.dynstr)

.gnu.version
 *(.gnu.version)

.gnu.version_d
 *(.gnu.version_d)

.gnu.version_r
 *(.gnu.version_r)

.rel.init
 *(.rel.init)

.rela.init
 *(.rela.init)

.rel.text
 *(.rel.text)
 *(.rel.text.*)
 *(.rel.gnu.linkonce.t*)

.rela.text
 *(.rela.text)
 *(.rela.text.*)
 *(.rela.gnu.linkonce.t*)

.rel.fini
 *(.rel.fini)

.rela.fini
 *(.rela.fini)

.rel.rodata
 *(.rel.rodata)
 *(.rel.rodata.*)
 *(.rel.gnu.linkonce.r*)

.rela.rodata
 *(.rela.rodata)
 *(.rela.rodata.*)
 *(.rela.gnu.linkonce.r*)

.rel.data
 *(.rel.data)
 *(.rel.data.*)
 *(.rel.gnu.linkonce.d*)

.rela.data
 *(.rela.data)
 *(.rela.data.*)
 *(.rela.gnu.linkonce.d*)

.rel.ctors
 *(.rel.ctors)

.rela.ctors
 *(.rela.ctors)

.rel.dtors
 *(.rel.dtors)

.rela.dtors
 *(.rela.dtors)

.rel.got
 *(.rel.got)

.rela.got
 *(.rela.got)

.rel.bss
 *(.rel.bss)

.rela.bss
 *(.rela.bss)

.rel.plt
 *(.rel.plt)

.rela.plt
 *(.rela.plt)

.text           0x0000000000000000      0x97a
 *(.vectors)
 .vectors       0x0000000000000000       0x68 /usr/lib/gcc/avr/11.1.0/../../../../avr/lib/avr5/crtatmega328p.o
                0x0000000000000000                __vectors
                0x0000000000000000                __vector_default
 *(.vectors)
 *(.progmem.gcc*)
                0x0000000000000068                . = ALIGN (0x2)
                0x0000000000000068                __trampolines_start = .
 *(.trampolines)
 .trampolines   0x0000000000000068        0x0 linker stubs
 *(.trampolines*)
                0x0000000000000068                __trampolines_end = .
 *libprintf_flt.a:*(.progmem.data)
 *libc.a:*(.progmem.data)
 *(.progmem.*)
                0x0000000000000068                . = ALIGN (0x2)
 *(.lowtext)
 *(.lowtext*)
                0x0000000000000068                __ctors_start = .
 *(.ctors)
                0x0000000000000068                __ctors_end = .
                0x0000000000000068                __dtors_start = .
 *(.dtors)
                0x0000000000000068                __dtors_end = .
 SORT_BY_NAME(*)(.ctors)
 SORT_BY_NAME(*)(.dtors)
 *(.init0)
 .init0         0x0000000000000068        0x0 /usr/lib/gcc/avr/11.1.0/../../../../avr/lib/avr5/crtatmega328p.o
                0x0000000000000068                __init
 *(.init0)
 *(.init1)
 *(.init1)
 *(.init2)
 .init2         0x0000000000000068        0xc /usr/lib/gcc/avr/11.1.0/../../../../avr/lib/avr5/crtatmega328p.o
 *(.init2)
 *(.init3)
 *(.init3)
 *(.init4)
 .init4         0x0000000000000074       0x16 /usr/lib/gcc/avr/11.1.0/avr5/libgcc.a(_copy_data.o)
                0x0000000000000074                __do_copy_data
 .init4         0x000000000000008a       0x10 /usr/lib/gcc/avr/11.1.0/avr5/libgcc.a(_clear_bss.o)
                0x000000000000008a                __do_clear_bss
 *(.init4)
 *(.init5)
 *(.init5)
 *(.init6)
 *(.init6)
 *(.init7)
 *(.init7)
 *(.init8)
 *(.init8)
 *(.init9)
 .init9         0x000000000000009a        0x8 /usr/lib/gcc/avr/11.1.0/../../../../avr/lib/avr5/crtatmega328p.o
 *(.init9)
 *(.text)
 .text          0x00000000000000a2        0x4 /usr/lib/gcc/avr/11.1.0/../../../../avr/lib/avr5/crtatmega328p.o
                0x00000000000000a2                __vector_22
                0x00000000000000a2                __vector_24
                0x00000000000000a2                __vector_12
                0x00000000000000a2                __bad_interrupt
                0x00000000000000a2                __vector_6
                0x00000000000000a2                __vector_3
                0x00000000000000a2                __vector_23
                0x00000000000000a2                __vector_25
                0x00000000000000a2                __vector_11
                0x00000000000000a2                __vector_13
                0x00000000000000a2                __vector_17
                0x00000000000000a2                __vector_7
                0x00000000000000a2                __vector_5
                0x00000000000000a2                __vector_4
                0x00000000000000a2                __vector_9
                0x00000000000000a2                __vector_2
                0x00000000000000a2                __vector_21
                0x00000000000000a2                __vector_15
                0x00000000000000a2                __vector_8
                0x00000000000000a2                __vector_14
                0x00000000000000a2                __vector_10
                0x00000000000000a2                __vector_20
 .text          0x00000000000000a6       0xac gpio.o
                0x00000000000000a6                GPIO_config_output
                0x00000000000000bc                GPIO_config_input_nopull
                0x00000000000000da                GPIO_config_input_pullup
                0x00000000000000fa                GPIO_write_low
                0x0000000000000112                GPIO_write_high
                0x0000000000000128                GPIO_toggle
                0x000000000000013e                GPIO_read
 .text          0x0000000000000152      0x1be lcd.o
                0x0000000000000214                lcd_command
                0x000000000000021a                lcd_data
                0x0000000000000220                lcd_gotoxy
                0x000000000000022e                lcd_getxy
                0x0000000000000246                lcd_clrscr
                0x000000000000024c                lcd_home
                0x0000000000000252                lcd_putc
                0x0000000000000258                lcd_puts
                0x0000000000000272                lcd_puts_p
                0x000000000000028e                lcd_init
 .text          0x0000000000000310       0xe2 main.o
                0x0000000000000310                __vector_16
                0x0000000000000388                __vector_1
 .text          0x00000000000003f2      0x16c uart.o
                0x00000000000003f2                __vector_18
                0x0000000000000444                __vector_19
                0x000000000000048e                uart_init
                0x00000000000004c4                uart_getc
                0x0000000000000500                uart_putc
                0x000000000000052a                uart_puts
                0x0000000000000542                uart_puts_p
 .text          0x000000000000055e        0x0 /usr/lib/gcc/avr/11.1.0/avr5/libgcc.a(_exit.o)
 .text          0x000000000000055e        0x0 /usr/lib/gcc/avr/11.1.0/avr5/libgcc.a(_copy_data.o)
 .text          0x000000000000055e        0x0 /usr/lib/gcc/avr/11.1.0/avr5/libgcc.a(_clear_bss.o)
 .text          0x000000000000055e        0x0 /usr/lib/gcc/avr/11.1.0/../../../../avr/lib/avr5/libm.a(fixsfsi.o)
 .text          0x000000000000055e        0x0 /usr/lib/gcc/avr/11.1.0/../../../../avr/lib/avr5/libm.a(fixunssfsi.o)
 .text          0x000000000000055e        0x0 /usr/lib/gcc/avr/11.1.0/../../../../avr/lib/avr5/libm.a(floatsisf.o)
 .text          0x000000000000055e        0x0 /usr/lib/gcc/avr/11.1.0/../../../../avr/lib/avr5/libm.a(fp_split3.o)
 .text          0x000000000000055e        0x0 /usr/lib/gcc/avr/11.1.0/../../../../avr/lib/avr5/libm.a(fp_zero.o)
 .text          0x000000000000055e        0x0 /usr/lib/gcc/avr/11.1.0/../../../../avr/lib/avr5/libm.a(mulsf3.o)
 .text          0x000000000000055e        0x0 /usr/lib/gcc/avr/11.1.0/../../../../avr/lib/avr5/libm.a(mulsf3x.o)
 .text          0x000000000000055e        0x0 /usr/lib/gcc/avr/11.1.0/../../../../avr/lib/avr5/libm.a(fp_inf.o)
 .text          0x000000000000055e        0x0 /usr/lib/gcc/avr/11.1.0/../../../../avr/lib/avr5/libm.a(fp_nan.o)
 .text          0x000000000000055e        0x0 /usr/lib/gcc/avr/11.1.0/../../../../avr/lib/avr5/libm.a(fp_pscA.o)
 .text          0x000000000000055e        0x0 /usr/lib/gcc/avr/11.1.0/../../../../avr/lib/avr5/libm.a(fp_pscB.o)
 .text          0x000000000000055e        0x0 /usr/lib/gcc/avr/11.1.0/../../../../avr/lib/avr5/libm.a(fp_round.o)
 .text          0x000000000000055e        0x0 /usr/lib/gcc/avr/11.1.0/../../../../avr/lib/avr5/libc.a(itoa_ncheck.o)
 .text          0x000000000000055e        0x0 /usr/lib/gcc/avr/11.1.0/../../../../avr/lib/avr5/libc.a(utoa_ncheck.o)
 .text          0x000000000000055e        0x0 /usr/lib/gcc/avr/11.1.0/../../../../avr/lib/avr5/libc.a(strrev.o)
                0x000000000000055e                . = ALIGN (0x2)
 *(.text.*)
 .text.startup  0x000000000000055e      0x14c main.o
                0x000000000000055e                main
 .text.libgcc.mul
                0x00000000000006aa        0x0 /usr/lib/gcc/avr/11.1.0/avr5/libgcc.a(_exit.o)
 .text.libgcc.div
                0x00000000000006aa        0x0 /usr/lib/gcc/avr/11.1.0/avr5/libgcc.a(_exit.o)
 .text.libgcc   0x00000000000006aa        0x0 /usr/lib/gcc/avr/11.1.0/avr5/libgcc.a(_exit.o)
 .text.libgcc.prologue
                0x00000000000006aa        0x0 /usr/lib/gcc/avr/11.1.0/avr5/libgcc.a(_exit.o)
 .text.libgcc.builtins
                0x00000000000006aa        0x0 /usr/lib/gcc/avr/11.1.0/avr5/libgcc.a(_exit.o)
 .text.libgcc.fmul
                0x00000000000006aa        0x0 /usr/lib/gcc/avr/11.1.0/avr5/libgcc.a(_exit.o)
 .text.libgcc.fixed
                0x00000000000006aa        0x0 /usr/lib/gcc/avr/11.1.0/avr5/libgcc.a(_exit.o)
 .text.libgcc.mul
                0x00000000000006aa        0x0 /usr/lib/gcc/avr/11.1.0/avr5/libgcc.a(_copy_data.o)
 .text.libgcc.div
                0x00000000000006aa        0x0 /usr/lib/gcc/avr/11.1.0/avr5/libgcc.a(_copy_data.o)
 .text.libgcc   0x00000000000006aa        0x0 /usr/lib/gcc/avr/11.1.0/avr5/libgcc.a(_copy_data.o)
 .text.libgcc.prologue
                0x00000000000006aa        0x0 /usr/lib/gcc/avr/11.1.0/avr5/libgcc.a(_copy_data.o)
 .text.libgcc.builtins
                0x00000000000006aa        0x0 /usr/lib/gcc/avr/11.1.0/avr5/libgcc.a(_copy_data.o)
 .text.libgcc.fmul
                0x00000000000006aa        0x0 /usr/lib/gcc/avr/11.1.0/avr5/libgcc.a(_copy_data.o)
 .text.libgcc.fixed
                0x00000000000006aa        0x0 /usr/lib/gcc/avr/11.1.0/avr5/libgcc.a(_copy_data.o)
 .text.libgcc.mul
                0x00000000000006aa        0x0 /usr/lib/gcc/avr/11.1.0/avr5/libgcc.a(_clear_bss.o)
 .text.libgcc.div
                0x00000000000006aa        0x0 /usr/lib/gcc/avr/11.1.0/avr5/libgcc.a(_clear_bss.o)
 .text.libgcc   0x00000000000006aa        0x0 /usr/lib/gcc/avr/11.1.0/avr5/libgcc.a(_clear_bss.o)
 .text.libgcc.prologue
                0x00000000000006aa        0x0 /usr/lib/gcc/avr/11.1.0/avr5/libgcc.a(_clear_bss.o)
 .text.libgcc.builtins
                0x00000000000006aa        0x0 /usr/lib/gcc/avr/11.1.0/avr5/libgcc.a(_clear_bss.o)
 .text.libgcc.fmul
                0x00000000000006aa        0x0 /usr/lib/gcc/avr/11.1.0/avr5/libgcc.a(_clear_bss.o)
 .text.libgcc.fixed
                0x00000000000006aa        0x0 /usr/lib/gcc/avr/11.1.0/avr5/libgcc.a(_clear_bss.o)
 .text.avr-libc.fplib
                0x00000000000006aa        0xe /usr/lib/gcc/avr/11.1.0/../../../../avr/lib/avr5/libm.a(fixsfsi.o)
                0x00000000000006aa                __fixsfsi
 .text.avr-libc.fplib
                0x00000000000006b8       0x5e /usr/lib/gcc/avr/11.1.0/../../../../avr/lib/avr5/libm.a(fixunssfsi.o)
                0x00000000000006b8                __fixunssfsi
 .text.avr-libc.fplib
                0x0000000000000716       0x7a /usr/lib/gcc/avr/11.1.0/../../../../avr/lib/avr5/libm.a(floatsisf.o)
                0x0000000000000716                __floatunsisf
                0x000000000000071a                __floatsisf
 .text.avr-libc.fplib
                0x0000000000000790       0x44 /usr/lib/gcc/avr/11.1.0/../../../../avr/lib/avr5/libm.a(fp_split3.o)
                0x0000000000000790                __fp_split3
                0x00000000000007a0                __fp_splitA
 .text.avr-libc.fplib
                0x00000000000007d4        0xe /usr/lib/gcc/avr/11.1.0/../../../../avr/lib/avr5/libm.a(fp_zero.o)
                0x00000000000007d4                __fp_zero
                0x00000000000007d6                __fp_szero
 .text.avr-libc.fplib
                0x00000000000007e2        0x8 /usr/lib/gcc/avr/11.1.0/../../../../avr/lib/avr5/libm.a(mulsf3.o)
                0x00000000000007e2                __mulsf3
 .text.avr-libc.fplib
                0x00000000000007ea       0xd2 /usr/lib/gcc/avr/11.1.0/../../../../avr/lib/avr5/libm.a(mulsf3x.o)
                0x0000000000000808                __mulsf3x
                0x000000000000080e                __mulsf3_pse
 .text.avr-libc.fplib
                0x00000000000008bc        0xc /usr/lib/gcc/avr/11.1.0/../../../../avr/lib/avr5/libm.a(fp_inf.o)
                0x00000000000008bc                __fp_inf
 .text.avr-libc.fplib
                0x00000000000008c8        0x6 /usr/lib/gcc/avr/11.1.0/../../../../avr/lib/avr5/libm.a(fp_nan.o)
                0x00000000000008c8                __fp_nan
 .text.avr-libc.fplib
                0x00000000000008ce        0xe /usr/lib/gcc/avr/11.1.0/../../../../avr/lib/avr5/libm.a(fp_pscA.o)
                0x00000000000008ce                __fp_pscA
 .text.avr-libc.fplib
                0x00000000000008dc        0xe /usr/lib/gcc/avr/11.1.0/../../../../avr/lib/avr5/libm.a(fp_pscB.o)
                0x00000000000008dc                __fp_pscB
 .text.avr-libc.fplib
                0x00000000000008ea       0x22 /usr/lib/gcc/avr/11.1.0/../../../../avr/lib/avr5/libm.a(fp_round.o)
                0x00000000000008ea                __fp_round
 .text.avr-libc
                0x000000000000090c       0x16 /usr/lib/gcc/avr/11.1.0/../../../../avr/lib/avr5/libc.a(itoa_ncheck.o)
                0x000000000000090c                __itoa_ncheck
 .text.avr-libc
                0x0000000000000922       0x34 /usr/lib/gcc/avr/11.1.0/../../../../avr/lib/avr5/libc.a(utoa_ncheck.o)
                0x0000000000000922                __utoa_ncheck
                0x0000000000000924                __utoa_common
 .text.avr-libc
                0x0000000000000956       0x20 /usr/lib/gcc/avr/11.1.0/../../../../avr/lib/avr5/libc.a(strrev.o)
                0x0000000000000956                strrev
                0x0000000000000976                . = ALIGN (0x2)
 *(.fini9)
 .fini9         0x0000000000000976        0x0 /usr/lib/gcc/avr/11.1.0/avr5/libgcc.a(_exit.o)
                0x0000000000000976                exit
                0x0000000000000976                _exit
 *(.fini9)
 *(.fini8)
 *(.fini8)
 *(.fini7)
 *(.fini7)
 *(.fini6)
 *(.fini6)
 *(.fini5)
 *(.fini5)
 *(.fini4)
 *(.fini4)
 *(.fini3)
 *(.fini3)
 *(.fini2)
 *(.fini2)
 *(.fini1)
 *(.fini1)
 *(.fini0)
 .fini0         0x0000000000000976        0x4 /usr/lib/gcc/avr/11.1.0/avr5/libgcc.a(_exit.o)
 *(.fini0)
 *(.hightext)
 *(.hightext*)
 *(.progmemx.*)
                0x000000000000097a                . = ALIGN (0x2)
 *(.jumptables)
 *(.jumptables*)
                0x000000000000097a                _etext = .

.data           0x0000000000800100       0x58 load address 0x000000000000097a
                0x0000000000800100                PROVIDE (__data_start = .)
 *(.data)
 .data          0x0000000000800100        0x0 /usr/lib/gcc/avr/11.1.0/../../../../avr/lib/avr5/crtatmega328p.o
 .data          0x0000000000800100        0x0 gpio.o
 .data          0x0000000000800100        0x0 lcd.o
 .data          0x0000000000800100       0x38 main.o
                0x0000000000800100                customChar
                0x0000000000800128                uart_string
 .data          0x0000000000800138        0x0 uart.o
 .data          0x0000000000800138        0x0 /usr/lib/gcc/avr/11.1.0/avr5/libgcc.a(_exit.o)
 .data          0x0000000000800138        0x0 /usr/lib/gcc/avr/11.1.0/avr5/libgcc.a(_copy_data.o)
 .data          0x0000000000800138        0x0 /usr/lib/gcc/avr/11.1.0/avr5/libgcc.a(_clear_bss.o)
 .data          0x0000000000800138        0x0 /usr/lib/gcc/avr/11.1.0/../../../../avr/lib/avr5/libm.a(fixsfsi.o)
 .data          0x0000000000800138        0x0 /usr/lib/gcc/avr/11.1.0/../../../../avr/lib/avr5/libm.a(fixunssfsi.o)
 .data          0x0000000000800138        0x0 /usr/lib/gcc/avr/11.1.0/../../../../avr/lib/avr5/libm.a(floatsisf.o)
 .data          0x0000000000800138        0x0 /usr/lib/gcc/avr/11.1.0/../../../../avr/lib/avr5/libm.a(fp_split3.o)
 .data          0x0000000000800138        0x0 /usr/lib/gcc/avr/11.1.0/../../../../avr/lib/avr5/libm.a(fp_zero.o)
 .data          0x0000000000800138        0x0 /usr/lib/gcc/avr/11.1.0/../../../../avr/lib/avr5/libm.a(mulsf3.o)
 .data          0x0000000000800138        0x0 /usr/lib/gcc/avr/11.1.0/../../../../avr/lib/avr5/libm.a(mulsf3x.o)
 .data          0x0000000000800138        0x0 /usr/lib/gcc/avr/11.1.0/../../../../avr/lib/avr5/libm.a(fp_inf.o)
 .data          0x0000000000800138        0x0 /usr/lib/gcc/avr/11.1.0/../../../../avr/lib/avr5/libm.a(fp_nan.o)
 .data          0x0000000000800138        0x0 /usr/lib/gcc/avr/11.1.0/../../../../avr/lib/avr5/libm.a(fp_pscA.o)
 .data          0x0000000000800138        0x0 /usr/lib/gcc/avr/11.1.0/../../../../avr/lib/avr5/libm.a(fp_pscB.o)
 .data          0x0000000000800138        0x0 /usr/lib/gcc/avr/11.1.0/../../../../avr/lib/avr5/libm.a(fp_round.o)
 .data          0x0000000000800138        0x0 /usr/lib/gcc/avr/11.1.0/../../../../avr/lib/avr5/libc.a(itoa_ncheck.o)
 .data          0x0000000000800138        0x0 /usr/lib/gcc/avr/11.1.0/../../../../avr/lib/avr5/libc.a(utoa_ncheck.o)
 .data          0x0000000000800138        0x0 /usr/lib/gcc/avr/11.1.0/../../../../avr/lib/avr5/libc.a(strrev.o)
 *(.data*)
 *(.gnu.linkonce.d*)
 *(.rodata)
 *(.rodata*)
 .rodata.str1.1
                0x0000000000800138       0x1f main.o
 *(.gnu.linkonce.r*)
                0x0000000000800158                . = ALIGN (0x2)
 *fill*         0x0000000000800157        0x1 
                0x0000000000800158                _edata = .
                0x0000000000800158                PROVIDE (__data_end = .)

.bss            0x0000000000800158      0x10c
                0x0000000000800158                PROVIDE (__bss_start = .)
 *(.bss)
 .bss           0x0000000000800158        0x0 /usr/lib/gcc/avr/11.1.0/../../../../avr/lib/avr5/crtatmega328p.o
 .bss           0x0000000000800158        0x0 gpio.o
 .bss           0x0000000000800158        0x0 lcd.o
 .bss           0x0000000000800158        0x7 main.o
                0x0000000000800158                length
 .bss           0x000000000080015f      0x105 uart.o
 .bss           0x0000000000800264        0x0 /usr/lib/gcc/avr/11.1.0/avr5/libgcc.a(_exit.o)
 .bss           0x0000000000800264        0x0 /usr/lib/gcc/avr/11.1.0/avr5/libgcc.a(_copy_data.o)
 .bss           0x0000000000800264        0x0 /usr/lib/gcc/avr/11.1.0/avr5/libgcc.a(_clear_bss.o)
 .bss           0x0000000000800264        0x0 /usr/lib/gcc/avr/11.1.0/../../../../avr/lib/avr5/libm.a(fixsfsi.o)
 .bss           0x0000000000800264        0x0 /usr/lib/gcc/avr/11.1.0/../../../../avr/lib/avr5/libm.a(fixunssfsi.o)
 .bss           0x0000000000800264        0x0 /usr/lib/gcc/avr/11.1.0/../../../../avr/lib/avr5/libm.a(floatsisf.o)
 .bss           0x0000000000800264        0x0 /usr/lib/gcc/avr/11.1.0/../../../../avr/lib/avr5/libm.a(fp_split3.o)
 .bss           0x0000000000800264        0x0 /usr/lib/gcc/avr/11.1.0/../../../../avr/lib/avr5/libm.a(fp_zero.o)
 .bss           0x0000000000800264        0x0 /usr/lib/gcc/avr/11.1.0/../../../../avr/lib/avr5/libm.a(mulsf3.o)
 .bss           0x0000000000800264        0x0 /usr/lib/gcc/avr/11.1.0/../../../../avr/lib/avr5/libm.a(mulsf3x.o)
 .bss           0x0000000000800264        0x0 /usr/lib/gcc/avr/11.1.0/../../../../avr/lib/avr5/libm.a(fp_inf.o)
 .bss           0x0000000000800264        0x0 /usr/lib/gcc/avr/11.1.0/../../../../avr/lib/avr5/libm.a(fp_nan.o)
 .bss           0x0000000000800264        0x0 /usr/lib/gcc/avr/11.1.0/../../../../avr/lib/avr5/libm.a(fp_pscA.o)
 .bss           0x0000000000800264        0x0 /usr/lib/gcc/avr/11.1.0/../../../../avr/lib/avr5/libm.a(fp_pscB.o)
 .bss           0x0000000000800264        0x0 /usr/lib/gcc/avr/11.1.0/../../../../avr/lib/avr5/libm.a(fp_round.o)
 .bss           0x0000000000800264        0x0 /usr/lib/gcc/avr/11.1.0/../../../../avr/lib/avr5/libc.a(itoa_ncheck.o)
 .bss           0x0000000000800264        0x0 /usr/lib/gcc/avr/11.1.0/../../../../avr/lib/avr5/libc.a(utoa_ncheck.o)
 .bss           0x0000000000800264        0x0 /usr/lib/gcc/avr/11.1.0/../../../../avr/lib/avr5/libc.a(strrev.o)
 *(.bss*)
 *(COMMON)
                0x0000000000800264                PROVIDE (__bss_end = .)
                0x000000000000097a                __data_load_start = LOADADDR (.data)
                0x00000000000009d2                __data_load_end = (__data_load_start + SIZEOF (.data))

.noinit         0x0000000000800264        0x0
                [!provide]                        PROVIDE (__noinit_start = .)
 *(.noinit .noinit.* .gnu.linkonce.n.*)
                [!provide]                        PROVIDE (__noinit_end = .)
                0x0000000000800264                _end = .
                [!provide]                        PROVIDE (__heap_start = .)

.eeprom         0x0000000000810000        0x0
 *(.eeprom*)
                0x0000000000810000                __eeprom_end = .

.fuse
 *(.fuse)
 *(.lfuse)
 *(.hfuse)
 *(.efuse)

.lock
 *(.lock*)

.signature
 *(.signature*)

.stab           0x0000000000000000     0x16d4
 *(.stab)
 .stab          0x0000000000000000      0x36c gpio.o
 .stab          0x000000000000036c      0x9cc lcd.o
                                        0x9d8 (size before relaxing)
 .stab          0x0000000000000d38      0x3b4 main.o
                                        0x3c0 (size before relaxing)
 .stab          0x00000000000010ec      0x5e8 uart.o
                                        0x5f4 (size before relaxing)

.stabstr        0x0000000000000000      0x7b5
 *(.stabstr)
 .stabstr       0x0000000000000000      0x7b5 gpio.o

.stab.excl
 *(.stab.excl)

.stab.exclstr
 *(.stab.exclstr)

.stab.index
 *(.stab.index)

.stab.indexstr
 *(.stab.indexstr)

.comment        0x0000000000000000       0x23
 *(.comment)
 .comment       0x0000000000000000       0x23 gpio.o
                                         0x24 (size before relaxing)
 .comment       0x0000000000000023       0x24 lcd.o
 .comment       0x0000000000000023       0x24 main.o
 .comment       0x0000000000000023       0x24 uart.o

.note.gnu.avr.deviceinfo
                0x0000000000000000       0x40
 .note.gnu.avr.deviceinfo
                0x0000000000000000       0x40 /usr/lib/gcc/avr/11.1.0/../../../../avr/lib/avr5/crtatmega328p.o

.note.gnu.build-id
 *(.note.gnu.build-id)

.debug
 *(.debug)

.line
 *(.line)

.debug_srcinfo
 *(.debug_srcinfo)

.debug_sfnames
 *(.debug_sfnames)

.debug_aranges
 *(.debug_aranges)

.debug_pubnames
 *(.debug_pubnames)

.debug_info     0x0000000000000000      0x5f4
 *(.debug_info .gnu.linkonce.wi.*)
 .debug_info    0x0000000000000000      0x5f4 /usr/lib/gcc/avr/11.1.0/../../../../avr/lib/avr5/crtatmega328p.o

.debug_abbrev   0x0000000000000000      0x5a2
 *(.debug_abbrev)
 .debug_abbrev  0x0000000000000000      0x5a2 /usr/lib/gcc/avr/11.1.0/../../../../avr/lib/avr5/crtatmega328p.o

.debug_line     0x0000000000000000       0x1d
 *(.debug_line .debug_line.* .debug_line_end)
 .debug_line    0x0000000000000000       0x1d /usr/lib/gcc/avr/11.1.0/../../../../avr/lib/avr5/crtatmega328p.o

.debug_frame
 *(.debug_frame)

.debug_str      0x0000000000000000      0x208
 *(.debug_str)
 .debug_str     0x0000000000000000      0x208 /usr/lib/gcc/avr/11.1.0/../../../../avr/lib/avr5/crtatmega328p.o

.debug_loc
 *(.debug_loc)

.debug_macinfo
 *(.debug_macinfo)

.debug_weaknames
 *(.debug_weaknames)

.debug_funcnames
 *(.debug_funcnames)

.debug_typenames
 *(.debug_typenames)

.debug_varnames
 *(.debug_varnames)

.debug_pubtypes
 *(.debug_pubtypes)

.debug_ranges
 *(.debug_ranges)

.debug_addr
 *(.debug_addr)

.debug_line_str
 *(.debug_line_str)

.debug_loclists
 *(.debug_loclists)

.debug_macro
 *(.debug_macro)

.debug_names
 *(.debug_names)

.debug_rnglists
 *(.debug_rnglists)

.debug_str_offsets
 *(.debug_str_offsets)

.debug_sup
 *(.debug_sup)
OUTPUT(project.elf elf32-avr)
LOAD linker stubs

Cross Reference Table

Symbol                                            File
GPIO_config_input_nopull                          gpio.o
                                                  main.o
GPIO_config_input_pullup                          gpio.o
GPIO_config_output                                gpio.o
                                                  main.o
GPIO_read                                         gpio.o
GPIO_toggle                                       gpio.o
GPIO_write_high                                   gpio.o
                                                  main.o
GPIO_write_low                                    gpio.o
                                                  main.o
__FUSE_REGION_LENGTH__                            /usr/lib/gcc/avr/11.1.0/../../../../avr/lib/avr5/crtatmega328p.o
__bad_interrupt                                   /usr/lib/gcc/avr/11.1.0/../../../../avr/lib/avr5/crtatmega328p.o
__bss_end                                         /usr/lib/gcc/avr/11.1.0/avr5/libgcc.a(_clear_bss.o)
__bss_start                                       /usr/lib/gcc/avr/11.1.0/avr5/libgcc.a(_clear_bss.o)
__data_end                                        /usr/lib/gcc/avr/11.1.0/avr5/libgcc.a(_copy_data.o)
__data_load_start                                 /usr/lib/gcc/avr/11.1.0/avr5/libgcc.a(_copy_data.o)
__data_start                                      /usr/lib/gcc/avr/11.1.0/avr5/libgcc.a(_copy_data.o)
__do_clear_bss                                    /usr/lib/gcc/avr/11.1.0/avr5/libgcc.a(_clear_bss.o)
                                                  uart.o
                                                  main.o
__do_copy_data                                    /usr/lib/gcc/avr/11.1.0/avr5/libgcc.a(_copy_data.o)
                                                  main.o
__fixsfsi                                         /usr/lib/gcc/avr/11.1.0/../../../../avr/lib/avr5/libm.a(fixsfsi.o)
                                                  main.o
__fixunssfsi                                      /usr/lib/gcc/avr/11.1.0/../../../../avr/lib/avr5/libm.a(fixunssfsi.o)
                                                  /usr/lib/gcc/avr/11.1.0/../../../../avr/lib/avr5/libm.a(fixsfsi.o)
__floatsisf                                       /usr/lib/gcc/avr/11.1.0/../../../../avr/lib/avr5/libm.a(floatsisf.o)
__floatunsisf                                     /usr/lib/gcc/avr/11.1.0/../../../../avr/lib/avr5/libm.a(floatsisf.o)
                                                  main.o
__fp_inf                                          /usr/lib/gcc/avr/11.1.0/../../../../avr/lib/avr5/libm.a(fp_inf.o)
                                                  /usr/lib/gcc/avr/11.1.0/../../../../avr/lib/avr5/libm.a(mulsf3x.o)
__fp_nan                                          /usr/lib/gcc/avr/11.1.0/../../../../avr/lib/avr5/libm.a(fp_nan.o)
                                                  /usr/lib/gcc/avr/11.1.0/../../../../avr/lib/avr5/libm.a(mulsf3x.o)
__fp_pscA                                         /usr/lib/gcc/avr/11.1.0/../../../../avr/lib/avr5/libm.a(fp_pscA.o)
                                                  /usr/lib/gcc/avr/11.1.0/../../../../avr/lib/avr5/libm.a(mulsf3x.o)
__fp_pscB                                         /usr/lib/gcc/avr/11.1.0/../../../../avr/lib/avr5/libm.a(fp_pscB.o)
                                                  /usr/lib/gcc/avr/11.1.0/../../../../avr/lib/avr5/libm.a(mulsf3x.o)
__fp_round                                        /usr/lib/gcc/avr/11.1.0/../../../../avr/lib/avr5/libm.a(fp_round.o)
                                                  /usr/lib/gcc/avr/11.1.0/../../../../avr/lib/avr5/libm.a(mulsf3.o)
__fp_split3                                       /usr/lib/gcc/avr/11.1.0/../../../../avr/lib/avr5/libm.a(fp_split3.o)
                                                  /usr/lib/gcc/avr/11.1.0/../../../../avr/lib/avr5/libm.a(mulsf3x.o)
__fp_splitA                                       /usr/lib/gcc/avr/11.1.0/../../../../avr/lib/avr5/libm.a(fp_split3.o)
                                                  /usr/lib/gcc/avr/11.1.0/../../../../avr/lib/avr5/libm.a(fixunssfsi.o)
__fp_szero                                        /usr/lib/gcc/avr/11.1.0/../../../../avr/lib/avr5/libm.a(fp_zero.o)
                                                  /usr/lib/gcc/avr/11.1.0/../../../../avr/lib/avr5/libm.a(mulsf3x.o)
                                                  /usr/lib/gcc/avr/11.1.0/../../../../avr/lib/avr5/libm.a(fixsfsi.o)
__fp_zero                                         /usr/lib/gcc/avr/11.1.0/../../../../avr/lib/avr5/libm.a(fp_zero.o)
                                                  /usr/lib/gcc/avr/11.1.0/../../../../avr/lib/avr5/libm.a(fixunssfsi.o)
__heap_end                                        /usr/lib/gcc/avr/11.1.0/../../../../avr/lib/avr5/crtatmega328p.o
__init                                            /usr/lib/gcc/avr/11.1.0/../../../../avr/lib/avr5/crtatmega328p.o
__itoa_ncheck                                     /usr/lib/gcc/avr/11.1.0/../../../../avr/lib/avr5/libc.a(itoa_ncheck.o)
                                                  main.o
__mulsf3                                          /usr/lib/gcc/avr/11.1.0/../../../../avr/lib/avr5/libm.a(mulsf3.o)
                                                  main.o
__mulsf3_pse                                      /usr/lib/gcc/avr/11.1.0/../../../../avr/lib/avr5/libm.a(mulsf3x.o)
__mulsf3x                                         /usr/lib/gcc/avr/11.1.0/../../../../avr/lib/avr5/libm.a(mulsf3x.o)
                                                  /usr/lib/gcc/avr/11.1.0/../../../../avr/lib/avr5/libm.a(mulsf3.o)
__stack                                           /usr/lib/gcc/avr/11.1.0/../../../../avr/lib/avr5/crtatmega328p.o
__utoa_common                                     /usr/lib/gcc/avr/11.1.0/../../../../avr/lib/avr5/libc.a(utoa_ncheck.o)
                                                  /usr/lib/gcc/avr/11.1.0/../../../../avr/lib/avr5/libc.a(itoa_ncheck.o)
__utoa_ncheck                                     /usr/lib/gcc/avr/11.1.0/../../../../avr/lib/avr5/libc.a(utoa_ncheck.o)
__vector_1                                        main.o
                                                  /usr/lib/gcc/avr/11.1.0/../../../../avr/lib/avr5/crtatmega328p.o
__vector_10                                       /usr/lib/gcc/avr/11.1.0/../../../../avr/lib/avr5/crtatmega328p.o
__vector_11                                       /usr/lib/gcc/avr/11.1.0/../../../../avr/lib/avr5/crtatmega328p.o
__vector_12                                       /usr/lib/gcc/avr/11.1.0/../../../../avr/lib/avr5/crtatmega328p.o
__vector_13                                       /usr/lib/gcc/avr/11.1.0/../../../../avr/lib/avr5/crtatmega328p.o
__vector_14                                       /usr/lib/gcc/avr/11.1.0/../../../../avr/lib/avr5/crtatmega328p.o
__vector_15                                       /usr/lib/gcc/avr/11.1.0/../../../../avr/lib/avr5/crtatmega328p.o
__vector_16                                       main.o
                                                  /usr/lib/gcc/avr/11.1.0/../../../../avr/lib/avr5/crtatmega328p.o
__vector_17                                       /usr/lib/gcc/avr/11.1.0/../../../../avr/lib/avr5/crtatmega328p.o
__vector_18                                       uart.o
                                                  /usr/lib/gcc/avr/11.1.0/../../../../avr/lib/avr5/crtatmega328p.o
__vector_19                                       uart.o
                                                  /usr/lib/gcc/avr/11.1.0/../../../../avr/lib/avr5/crtatmega328p.o
__vector_2                                        /usr/lib/gcc/avr/11.1.0/../../../../avr/lib/avr5/crtatmega328p.o
__vector_20                                       /usr/lib/gcc/avr/11.1.0/../../../../avr/lib/avr5/crtatmega328p.o
__vector_21                                       /usr/lib/gcc/avr/11.1.0/../../../../avr/lib/avr5/crtatmega328p.o
__vector_22                                       /usr/lib/gcc/avr/11.1.0/../../../../avr/lib/avr5/crtatmega328p.o
__vector_23                                       /usr/lib/gcc/avr/11.1.0/../../../../avr/lib/avr5/crtatmega328p.o
__vector_24                                       /usr/lib/gcc/avr/11.1.0/../../../../avr/lib/avr5/crtatmega328p.o
__vector_25                                       /usr/lib/gcc/avr/11.1.0/../../../../avr/lib/avr5/crtatmega328p.o
__vector_3                                        /usr/lib/gcc/avr/11.1.0/../../../../avr/lib/avr5/crtatmega328p.o
__vector_4                                        /usr/lib/gcc/avr/11.1.0/../../../../avr/lib/avr5/crtatmega328p.o
__vector_5                                        /usr/lib/gcc/avr/11.1.0/../../../../avr/lib/avr5/crtatmega328p.o
__vector_6                                        /usr/lib/gcc/avr/11.1.0/../../../../avr/lib/avr5/crtatmega328p.o
__vector_7                                        /usr/lib/gcc/avr/11.1.0/../../../../avr/lib/avr5/crtatmega328p.o
__vector_8                                        /usr/lib/gcc/avr/11.1.0/../../../../avr/lib/avr5/crtatmega328p.o
__vector_9                                        /usr/lib/gcc/avr/11.1.0/../../../../avr/lib/avr5/crtatmega328p.o
__vector_default                                  /usr/lib/gcc/avr/11.1.0/../../../../avr/lib/avr5/crtatmega328p.o
__vectors                                         /usr/lib/gcc/avr/11.1.0/../../../../avr/lib/avr5/crtatmega328p.o
_exit                                             /usr/lib/gcc/avr/11.1.0/avr5/libgcc.a(_exit.o)
customChar                                        main.o
exit                                              /usr/lib/gcc/avr/11.1.0/avr5/libgcc.a(_exit.o)
                                                  /usr/lib/gcc/avr/11.1.0/../../../../avr/lib/avr5/crtatmega328p.o
lcd_clrscr                                        lcd.o
lcd_command                                       lcd.o
                                                  main.o
lcd_data                                          lcd.o
                                                  main.o
lcd_getxy                                         lcd.o
lcd_gotoxy                                        lcd.o
                                                  main.o
lcd_home                                          lcd.o
lcd_init                                          lcd.o
                                                  main.o
lcd_putc                                          lcd.o
                                                  main.o
lcd_puts                                          lcd.o
                                                  main.o
lcd_puts_p                                        lcd.o
length                                            main.o
main                                              main.o
                                                  /usr/lib/gcc/avr/11.1.0/../../../../avr/lib/avr5/crtatmega328p.o
strrev                                            /usr/lib/gcc/avr/11.1.0/../../../../avr/lib/avr5/libc.a(strrev.o)
                                                  /usr/lib/gcc/avr/11.1.0/../../../../avr/lib/avr5/libc.a(utoa_ncheck.o)
uart_getc                                         uart.o
uart_init                                         uart.o
                                                  main.o
uart_putc                                         uart.o
uart_puts                                         uart.o
                                                  main.o
uart_puts_p                                       uart.o
uart_string                                       main.o
